App.tsx(2270,27): error TS2304: Cannot find name 'handleSelectTurma'.
